[
	{
		"data": {},
		"content": [
			{
				"data": {},
				"marks": [],
				"value": "Digital Fluency: Connecting the Dots of Digital Transformation - Gary Oâ€™Brien",
				"nodeType": "text"
			}
		],
		"nodeType": "paragraph"
	},
	{
		"data": {},
		"content": [
			{
				"data": {},
				"marks": [],
				"value": "(https://www.youtube.com/watch?v=8VLyofZVdlk)",
				"nodeType": "text"
			}
		],
		"nodeType": "paragraph"
	},
	{
		"data": {},
		"content": [
			{
				"data": {},
				"marks": [],
				"value": "",
				"nodeType": "text"
			}
		],
		"nodeType": "paragraph"
	},
	{
		"data": {},
		"content": [
			{
				"data": {},
				"marks": [],
				"value": "What is digital?",
				"nodeType": "text"
			}
		],
		"nodeType": "paragraph"
	},
	{
		"data": {
			"target": {
				"sys": {
					"type": "Link",
					"linkType": "Asset",
					"id": "foo-asset-id"
				}
			}
		},
		"content": [],
		"nodeType": "embedded-asset-block"
	},
	{
		"data": {},
		"content": [
			{
				"data": {},
				"marks": [],
				"value": "customer expectation:",
				"nodeType": "text"
			}
		],
		"nodeType": "paragraph"
	},
	{
		"data": {},
		"content": [
			{
				"data": {},
				"marks": [],
				"value": "- high",
				"nodeType": "text"
			}
		],
		"nodeType": "paragraph"
	},
	{
		"data": {},
		"content": [
			{
				"data": {},
				"marks": [],
				"value": "- realtime",
				"nodeType": "text"
			}
		],
		"nodeType": "paragraph"
	},
	{
		"data": {},
		"content": [
			{
				"data": {},
				"marks": [],
				"value": "- anytime",
				"nodeType": "text"
			}
		],
		"nodeType": "paragraph"
	},
	{
		"data": {},
		"content": [
			{
				"data": {},
				"marks": [],
				"value": "- consistent",
				"nodeType": "text"
			}
		],
		"nodeType": "paragraph"
	},
	{
		"data": {},
		"content": [
			{
				"data": {},
				"marks": [],
				"value": "- total control",
				"nodeType": "text"
			}
		],
		"nodeType": "paragraph"
	},
	{
		"data": {},
		"content": [
			{
				"data": {},
				"marks": [],
				"value": "- constantly changing",
				"nodeType": "text"
			}
		],
		"nodeType": "paragraph"
	},
	{
		"data": {},
		"content": [
			{
				"data": {},
				"marks": [],
				"value": "speed:",
				"nodeType": "text"
			}
		],
		"nodeType": "paragraph"
	},
	{
		"data": {},
		"content": [
			{
				"data": {},
				"marks": [],
				"value": "- speed you need to make decisions",
				"nodeType": "text"
			}
		],
		"nodeType": "paragraph"
	},
	{
		"data": {},
		"content": [
			{
				"data": {},
				"marks": [],
				"value": "- speed you need to get things into market",
				"nodeType": "text"
			}
		],
		"nodeType": "paragraph"
	},
	{
		"data": {},
		"content": [
			{
				"data": {},
				"marks": [],
				"value": "- speed of change",
				"nodeType": "text"
			}
		],
		"nodeType": "paragraph"
	},
	{
		"data": {},
		"content": [
			{
				"data": {},
				"marks": [],
				"value": "new & emerging technology",
				"nodeType": "text"
			}
		],
		"nodeType": "paragraph"
	},
	{
		"data": {},
		"content": [
			{
				"data": {},
				"marks": [],
				"value": "",
				"nodeType": "text"
			}
		],
		"nodeType": "paragraph"
	},
	{
		"data": {},
		"content": [
			{
				"data": {},
				"marks": [],
				"value": "---",
				"nodeType": "text"
			}
		],
		"nodeType": "paragraph"
	},
	{
		"data": {},
		"content": [
			{
				"data": {},
				"marks": [],
				"value": "",
				"nodeType": "text"
			}
		],
		"nodeType": "paragraph"
	},
	{
		"data": {},
		"content": [
			{
				"data": {},
				"marks": [],
				"value": "Companies that do this well.",
				"nodeType": "text"
			}
		],
		"nodeType": "paragraph"
	},
	{
		"data": {},
		"content": [
			{
				"data": {},
				"marks": [],
				"value": "Same characteristics",
				"nodeType": "text"
			}
		],
		"nodeType": "paragraph"
	},
	{
		"data": {},
		"content": [
			{
				"data": {},
				"marks": [],
				"value": "",
				"nodeType": "text"
			}
		],
		"nodeType": "paragraph"
	},
	{
		"data": {},
		"content": [
			{
				"data": {},
				"marks": [],
				"value": "1) customer obsession",
				"nodeType": "text"
			}
		],
		"nodeType": "paragraph"
	},
	{
		"data": {},
		"content": [
			{
				"data": {},
				"marks": [],
				"value": "from customer perspective",
				"nodeType": "text"
			}
		],
		"nodeType": "paragraph"
	},
	{
		"data": {},
		"content": [
			{
				"data": {},
				"marks": [],
				"value": "\"70% of our customers want a morgage\"",
				"nodeType": "text"
			}
		],
		"nodeType": "paragraph"
	},
	{
		"data": {},
		"content": [
			{
				"data": {},
				"marks": [],
				"value": "> \"I don't know anyone who wants a morgage, people want a home\"",
				"nodeType": "text"
			}
		],
		"nodeType": "paragraph"
	},
	{
		"data": {},
		"content": [
			{
				"data": {},
				"marks": [],
				"value": "\"sell more morgages\" vs \"put people in homes\"",
				"nodeType": "text"
			}
		],
		"nodeType": "paragraph"
	},
	{
		"data": {},
		"content": [
			{
				"data": {},
				"marks": [],
				"value": "",
				"nodeType": "text"
			}
		],
		"nodeType": "paragraph"
	},
	{
		"data": {},
		"content": [
			{
				"data": {},
				"marks": [],
				"value": "2) Business Outcome Orientation",
				"nodeType": "text"
			}
		],
		"nodeType": "paragraph"
	},
	{
		"data": {},
		"content": [
			{
				"data": {},
				"marks": [],
				"value": "align EVERYTHING to that",
				"nodeType": "text"
			}
		],
		"nodeType": "paragraph"
	},
	{
		"data": {},
		"content": [
			{
				"data": {},
				"marks": [],
				"value": "- org structures",
				"nodeType": "text"
			}
		],
		"nodeType": "paragraph"
	},
	{
		"data": {},
		"content": [
			{
				"data": {},
				"marks": [],
				"value": "- HR po",
				"nodeType": "text"
			}
		],
		"nodeType": "paragraph"
	},
	{
		"data": {},
		"content": [
			{
				"data": {},
				"marks": [],
				"value": "- legal & regulatory policies and guidelines",
				"nodeType": "text"
			}
		],
		"nodeType": "paragraph"
	},
	{
		"data": {},
		"content": [
			{
				"data": {},
				"marks": [],
				"value": "- funding models",
				"nodeType": "text"
			}
		],
		"nodeType": "paragraph"
	},
	{
		"data": {},
		"content": [
			{
				"data": {},
				"marks": [],
				"value": "",
				"nodeType": "text"
			}
		],
		"nodeType": "paragraph"
	},
	{
		"data": {},
		"content": [
			{
				"data": {},
				"marks": [],
				"value": "optimise everything to maxi delivery of value to customers",
				"nodeType": "text"
			}
		],
		"nodeType": "paragraph"
	},
	{
		"data": {},
		"content": [
			{
				"data": {},
				"marks": [],
				"value": "- volume",
				"nodeType": "text"
			}
		],
		"nodeType": "paragraph"
	},
	{
		"data": {},
		"content": [
			{
				"data": {},
				"marks": [],
				"value": "- frequency",
				"nodeType": "text"
			}
		],
		"nodeType": "paragraph"
	},
	{
		"data": {},
		"content": [
			{
				"data": {},
				"marks": [],
				"value": "",
				"nodeType": "text"
			}
		],
		"nodeType": "paragraph"
	},
	{
		"data": {},
		"content": [
			{
				"data": {},
				"marks": [],
				"value": "\"cascades\" or \"cascading OKR\"",
				"nodeType": "text"
			}
		],
		"nodeType": "paragraph"
	},
	{
		"data": {},
		"content": [
			{
				"data": {},
				"marks": [],
				"value": "0) Leader = sole responsibility to determine the outcome of the organisation",
				"nodeType": "text"
			}
		],
		"nodeType": "paragraph"
	},
	{
		"data": {},
		"content": [
			{
				"data": {},
				"marks": [],
				"value": "1) assign a single measure to it",
				"nodeType": "text"
			}
		],
		"nodeType": "paragraph"
	},
	{
		"data": {},
		"content": [
			{
				"data": {},
				"marks": [],
				"value": "2) put a group of people together, that have all the knowledge required to deliver you that outcome",
				"nodeType": "text"
			}
		],
		"nodeType": "paragraph"
	},
	{
		"data": {},
		"content": [
			{
				"data": {},
				"marks": [],
				"value": "3) they design the work to move the measure",
				"nodeType": "text"
			}
		],
		"nodeType": "paragraph"
	},
	{
		"data": {},
		"content": [
			{
				"data": {},
				"marks": [],
				"value": "4) they add a measure to that work",
				"nodeType": "text"
			}
		],
		"nodeType": "paragraph"
	},
	{
		"data": {},
		"content": [
			{
				"data": {},
				"marks": [],
				"value": "repeat",
				"nodeType": "text"
			}
		],
		"nodeType": "paragraph"
	},
	{
		"data": {},
		"content": [
			{
				"data": {},
				"marks": [],
				"value": "and then you do it again",
				"nodeType": "text"
			}
		],
		"nodeType": "paragraph"
	},
	{
		"data": {},
		"content": [
			{
				"data": {},
				"marks": [],
				"value": "",
				"nodeType": "text"
			}
		],
		"nodeType": "paragraph"
	},
	{
		"data": {},
		"content": [
			{
				"data": {},
				"marks": [],
				"value": "starting with the work, adding a measure to it",
				"nodeType": "text"
			}
		],
		"nodeType": "paragraph"
	},
	{
		"data": {},
		"content": [
			{
				"data": {},
				"marks": [],
				"value": "",
				"nodeType": "text"
			}
		],
		"nodeType": "paragraph"
	},
	{
		"data": {},
		"content": [
			{
				"data": {},
				"marks": [],
				"value": "",
				"nodeType": "text"
			}
		],
		"nodeType": "paragraph"
	},
	{
		"data": {},
		"content": [
			{
				"data": {},
				"marks": [],
				"value": "piece of work = small piece of outcome",
				"nodeType": "text"
			}
		],
		"nodeType": "paragraph"
	},
	{
		"data": {},
		"content": [
			{
				"data": {},
				"marks": [],
				"value": "measure = leading indicator of the original measure",
				"nodeType": "text"
			}
		],
		"nodeType": "paragraph"
	},
	{
		"data": {},
		"content": [
			{
				"data": {},
				"marks": [],
				"value": "",
				"nodeType": "text"
			}
		],
		"nodeType": "paragraph"
	},
	{
		"data": {},
		"content": [
			{
				"data": {},
				"marks": [],
				"value": "3) responsive to market shifts",
				"nodeType": "text"
			}
		],
		"nodeType": "paragraph"
	},
	{
		"data": {},
		"content": [
			{
				"data": {},
				"marks": [],
				"value": "ability to change",
				"nodeType": "text"
			}
		],
		"nodeType": "paragraph"
	},
	{
		"data": {},
		"content": [
			{
				"data": {},
				"marks": [],
				"value": "\"stoppability\" = the ability to pause",
				"nodeType": "text"
			}
		],
		"nodeType": "paragraph"
	},
	{
		"data": {},
		"content": [
			{
				"data": {},
				"marks": [],
				"value": "- should we keep going?",
				"nodeType": "text"
			}
		],
		"nodeType": "paragraph"
	},
	{
		"data": {},
		"content": [
			{
				"data": {},
				"marks": [],
				"value": "- are we achieving the outcome?",
				"nodeType": "text"
			}
		],
		"nodeType": "paragraph"
	},
	{
		"data": {},
		"content": [
			{
				"data": {},
				"marks": [],
				"value": "",
				"nodeType": "text"
			}
		],
		"nodeType": "paragraph"
	},
	{
		"data": {},
		"content": [
			{
				"data": {},
				"marks": [],
				"value": "work in small chunks",
				"nodeType": "text"
			}
		],
		"nodeType": "paragraph"
	},
	{
		"data": {},
		"content": [
			{
				"data": {},
				"marks": [],
				"value": "smaller decisions",
				"nodeType": "text"
			}
		],
		"nodeType": "paragraph"
	},
	{
		"data": {},
		"content": [
			{
				"data": {},
				"marks": [],
				"value": "commit",
				"nodeType": "text"
			}
		],
		"nodeType": "paragraph"
	},
	{
		"data": {},
		"content": [
			{
				"data": {},
				"marks": [],
				"value": "- smaller amounts of money",
				"nodeType": "text"
			}
		],
		"nodeType": "paragraph"
	},
	{
		"data": {},
		"content": [
			{
				"data": {},
				"marks": [],
				"value": "- smaller amounts of time",
				"nodeType": "text"
			}
		],
		"nodeType": "paragraph"
	},
	{
		"data": {},
		"content": [
			{
				"data": {},
				"marks": [],
				"value": "architecture capable of frequent change",
				"nodeType": "text"
			}
		],
		"nodeType": "paragraph"
	},
	{
		"data": {},
		"content": [
			{
				"data": {},
				"marks": [],
				"value": "",
				"nodeType": "text"
			}
		],
		"nodeType": "paragraph"
	},
	{
		"data": {},
		"content": [
			{
				"data": {},
				"marks": [],
				"value": "4) a test & learn culture",
				"nodeType": "text"
			}
		],
		"nodeType": "paragraph"
	},
	{
		"data": {},
		"content": [
			{
				"data": {},
				"marks": [],
				"value": "\"introspectiveness\" = most important trait of a leader",
				"nodeType": "text"
			}
		],
		"nodeType": "paragraph"
	},
	{
		"data": {},
		"content": [
			{
				"data": {},
				"marks": [],
				"value": "stand up and say \"I don't know\"",
				"nodeType": "text"
			}
		],
		"nodeType": "paragraph"
	},
	{
		"data": {},
		"content": [
			{
				"data": {},
				"marks": [],
				"value": "",
				"nodeType": "text"
			}
		],
		"nodeType": "paragraph"
	},
	{
		"data": {},
		"content": [
			{
				"data": {},
				"marks": [],
				"value": "scale:",
				"nodeType": "text"
			}
		],
		"nodeType": "paragraph"
	},
	{
		"data": {},
		"content": [
			{
				"data": {},
				"marks": [],
				"value": "100% certain that the thing you're gonna do will deliver the outcome",
				"nodeType": "text"
			}
		],
		"nodeType": "paragraph"
	},
	{
		"data": {},
		"content": [
			{
				"data": {},
				"marks": [],
				"value": "give them the money",
				"nodeType": "text"
			}
		],
		"nodeType": "paragraph"
	},
	{
		"data": {},
		"content": [
			{
				"data": {},
				"marks": [],
				"value": "...",
				"nodeType": "text"
			}
		],
		"nodeType": "paragraph"
	},
	{
		"data": {},
		"content": [
			{
				"data": {},
				"marks": [],
				"value": "in between: hypothesis testing",
				"nodeType": "text"
			}
		],
		"nodeType": "paragraph"
	},
	{
		"data": {},
		"content": [
			{
				"data": {},
				"marks": [],
				"value": "you have a tested idea",
				"nodeType": "text"
			}
		],
		"nodeType": "paragraph"
	},
	{
		"data": {},
		"content": [
			{
				"data": {},
				"marks": [],
				"value": "is it scalable?",
				"nodeType": "text"
			}
		],
		"nodeType": "paragraph"
	},
	{
		"data": {},
		"content": [
			{
				"data": {},
				"marks": [],
				"value": "is it profitable?",
				"nodeType": "text"
			}
		],
		"nodeType": "paragraph"
	},
	{
		"data": {},
		"content": [
			{
				"data": {},
				"marks": [],
				"value": "...",
				"nodeType": "text"
			}
		],
		"nodeType": "paragraph"
	},
	{
		"data": {},
		"content": [
			{
				"data": {},
				"marks": [],
				"value": "You don't know, but have a good idea",
				"nodeType": "text"
			}
		],
		"nodeType": "paragraph"
	},
	{
		"data": {},
		"content": [
			{
				"data": {},
				"marks": [],
				"value": "commit small amount of money, people, time ; let them find out",
				"nodeType": "text"
			}
		],
		"nodeType": "paragraph"
	},
	{
		"data": {},
		"content": [
			{
				"data": {},
				"marks": [],
				"value": "",
				"nodeType": "text"
			}
		],
		"nodeType": "paragraph"
	},
	{
		"data": {},
		"content": [
			{
				"data": {},
				"marks": [],
				"value": "5) Strategic use of Information Assets",
				"nodeType": "text"
			}
		],
		"nodeType": "paragraph"
	},
	{
		"data": {},
		"content": [
			{
				"data": {},
				"marks": [],
				"value": "huge data plain",
				"nodeType": "text"
			}
		],
		"nodeType": "paragraph"
	},
	{
		"data": {},
		"content": [
			{
				"data": {},
				"marks": [],
				"value": "- make decisions",
				"nodeType": "text"
			}
		],
		"nodeType": "paragraph"
	},
	{
		"data": {},
		"content": [
			{
				"data": {},
				"marks": [],
				"value": "- add value (value added through data)",
				"nodeType": "text"
			}
		],
		"nodeType": "paragraph"
	},
	{
		"data": {},
		"content": [
			{
				"data": {},
				"marks": [],
				"value": "- new insight",
				"nodeType": "text"
			}
		],
		"nodeType": "paragraph"
	},
	{
		"data": {},
		"content": [
			{
				"data": {},
				"marks": [],
				"value": "- better understanding of customer",
				"nodeType": "text"
			}
		],
		"nodeType": "paragraph"
	},
	{
		"data": {},
		"content": [
			{
				"data": {},
				"marks": [],
				"value": "",
				"nodeType": "text"
			}
		],
		"nodeType": "paragraph"
	},
	{
		"data": {},
		"content": [
			{
				"data": {},
				"marks": [],
				"value": "6) Structures & Governance",
				"nodeType": "text"
			}
		],
		"nodeType": "paragraph"
	},
	{
		"data": {},
		"content": [
			{
				"data": {},
				"marks": [],
				"value": "get rid of them",
				"nodeType": "text"
			}
		],
		"nodeType": "paragraph"
	},
	{
		"data": {},
		"content": [
			{
				"data": {},
				"marks": [],
				"value": "You can't operate at this pace, when you over-structure and over-govern",
				"nodeType": "text"
			}
		],
		"nodeType": "paragraph"
	},
	{
		"data": {},
		"content": [
			{
				"data": {},
				"marks": [],
				"value": "transparency & visibility in org that make decisions obvious",
				"nodeType": "text"
			}
		],
		"nodeType": "paragraph"
	},
	{
		"data": {},
		"content": [
			{
				"data": {},
				"marks": [],
				"value": "lightweight governance structures that allow",
				"nodeType": "text"
			}
		],
		"nodeType": "paragraph"
	},
	{
		"data": {},
		"content": [
			{
				"data": {},
				"marks": [],
				"value": "- decisions often",
				"nodeType": "text"
			}
		],
		"nodeType": "paragraph"
	},
	{
		"data": {},
		"content": [
			{
				"data": {},
				"marks": [],
				"value": "- decisions closest to the work",
				"nodeType": "text"
			}
		],
		"nodeType": "paragraph"
	},
	{
		"data": {},
		"content": [
			{
				"data": {},
				"marks": [],
				"value": "=> comes from alignment",
				"nodeType": "text"
			}
		],
		"nodeType": "paragraph"
	},
	{
		"data": {},
		"content": [
			{
				"data": {},
				"marks": [],
				"value": "when everyone knows what they should be doing, decisions become easy",
				"nodeType": "text"
			}
		],
		"nodeType": "paragraph"
	},
	{
		"data": {},
		"content": [
			{
				"data": {},
				"marks": [],
				"value": "with transparency & visibility, the decisions become obvious",
				"nodeType": "text"
			}
		],
		"nodeType": "paragraph"
	},
	{
		"data": {},
		"content": [
			{
				"data": {},
				"marks": [],
				"value": "",
				"nodeType": "text"
			}
		],
		"nodeType": "paragraph"
	},
	{
		"data": {},
		"content": [
			{
				"data": {},
				"marks": [],
				"value": "7) Technology @ the code",
				"nodeType": "text"
			}
		],
		"nodeType": "paragraph"
	},
	{
		"data": {},
		"content": [
			{
				"data": {},
				"marks": [],
				"value": "minimum set of tech understanding that every business executive needs to have",
				"nodeType": "text"
			}
		],
		"nodeType": "paragraph"
	},
	{
		"data": {},
		"content": [
			{
				"data": {},
				"marks": [],
				"value": "language of tech into boardroom",
				"nodeType": "text"
			}
		],
		"nodeType": "paragraph"
	},
	{
		"data": {},
		"content": [
			{
				"data": {},
				"marks": [],
				"value": "",
				"nodeType": "text"
			}
		],
		"nodeType": "paragraph"
	},
	{
		"data": {},
		"content": [
			{
				"data": {},
				"marks": [],
				"value": "---",
				"nodeType": "text"
			}
		],
		"nodeType": "paragraph"
	},
	{
		"data": {},
		"content": [
			{
				"data": {},
				"marks": [],
				"value": "",
				"nodeType": "text"
			}
		],
		"nodeType": "paragraph"
	},
	{
		"data": {},
		"content": [
			{
				"data": {},
				"marks": [],
				"value": "How does an organisation adopt these?",
				"nodeType": "text"
			}
		],
		"nodeType": "paragraph"
	},
	{
		"data": {},
		"content": [
			{
				"data": {},
				"marks": [],
				"value": "not everyone needs everything at the max",
				"nodeType": "text"
			}
		],
		"nodeType": "paragraph"
	},
	{
		"data": {},
		"content": [
			{
				"data": {},
				"marks": [],
				"value": "not everyone needs to be netflix",
				"nodeType": "text"
			}
		],
		"nodeType": "paragraph"
	},
	{
		"data": {},
		"content": [
			{
				"data": {},
				"marks": [],
				"value": "",
				"nodeType": "text"
			}
		],
		"nodeType": "paragraph"
	},
	{
		"data": {},
		"content": [
			{
				"data": {},
				"marks": [],
				"value": "Digital Fluency Model",
				"nodeType": "text"
			}
		],
		"nodeType": "paragraph"
	},
	{
		"data": {
			"target": {
				"sys": {
					"type": "Link",
					"linkType": "Asset",
					"id": "foo-asset-id"
				}
			}
		},
		"content": [],
		"nodeType": "embedded-asset-block"
	},
	{
		"data": {},
		"content": [
			{
				"data": {},
				"marks": [],
				"value": "",
				"nodeType": "text"
			}
		],
		"nodeType": "paragraph"
	},
	{
		"data": {},
		"content": [
			{
				"data": {},
				"marks": [],
				"value": "How do you adopt digital capabilities as an organisation",
				"nodeType": "text"
			}
		],
		"nodeType": "paragraph"
	},
	{
		"data": {},
		"content": [
			{
				"data": {},
				"marks": [],
				"value": "",
				"nodeType": "text"
			}
		],
		"nodeType": "paragraph"
	},
	{
		"data": {},
		"content": [
			{
				"data": {},
				"marks": [],
				"value": "Aspirational: where do you want to be?",
				"nodeType": "text"
			}
		],
		"nodeType": "paragraph"
	},
	{
		"data": {},
		"content": [
			{
				"data": {},
				"marks": [],
				"value": "",
				"nodeType": "text"
			}
		],
		"nodeType": "paragraph"
	},
	{
		"data": {
			"target": {
				"sys": {
					"type": "Link",
					"linkType": "Asset",
					"id": "foo-asset-id"
				}
			}
		},
		"content": [],
		"nodeType": "embedded-asset-block"
	},
	{
		"data": {},
		"content": [
			{
				"data": {},
				"marks": [],
				"value": "",
				"nodeType": "text"
			}
		],
		"nodeType": "paragraph"
	},
	{
		"data": {},
		"content": [
			{
				"data": {},
				"marks": [],
				"value": "your unique digital aspiration",
				"nodeType": "text"
			}
		],
		"nodeType": "paragraph"
	},
	{
		"data": {},
		"content": [
			{
				"data": {},
				"marks": [],
				"value": "",
				"nodeType": "text"
			}
		],
		"nodeType": "paragraph"
	},
	{
		"data": {},
		"content": [
			{
				"data": {},
				"marks": [],
				"value": "sensible default investments you should make to reach this level",
				"nodeType": "text"
			}
		],
		"nodeType": "paragraph"
	},
	{
		"data": {},
		"content": [
			{
				"data": {},
				"marks": [],
				"value": "",
				"nodeType": "text"
			}
		],
		"nodeType": "paragraph"
	},
	{
		"data": {},
		"content": [
			{
				"data": {},
				"marks": [],
				"value": "eg. platform strategy",
				"nodeType": "text"
			}
		],
		"nodeType": "paragraph"
	},
	{
		"data": {
			"target": {
				"sys": {
					"type": "Link",
					"linkType": "Asset",
					"id": "foo-asset-id"
				}
			}
		},
		"content": [],
		"nodeType": "embedded-asset-block"
	},
	{
		"data": {},
		"content": [
			{
				"data": {},
				"marks": [],
				"value": "",
				"nodeType": "text"
			}
		],
		"nodeType": "paragraph"
	},
	{
		"data": {},
		"content": [
			{
				"data": {},
				"marks": [],
				"value": "",
				"nodeType": "text"
			}
		],
		"nodeType": "paragraph"
	},
	{
		"data": {},
		"content": [
			{
				"data": {},
				"marks": [],
				"value": "How do I do this?",
				"nodeType": "text"
			}
		],
		"nodeType": "paragraph"
	},
	{
		"data": {},
		"content": [
			{
				"data": {},
				"marks": [],
				"value": "What's next?",
				"nodeType": "text"
			}
		],
		"nodeType": "paragraph"
	},
	{
		"data": {
			"target": {
				"sys": {
					"type": "Link",
					"linkType": "Asset",
					"id": "foo-asset-id"
				}
			}
		},
		"content": [],
		"nodeType": "embedded-asset-block"
	},
	{
		"data": {},
		"content": [
			{
				"data": {},
				"marks": [],
				"value": "",
				"nodeType": "text"
			}
		],
		"nodeType": "paragraph"
	},
	{
		"data": {},
		"content": [
			{
				"data": {},
				"marks": [],
				"value": "Book: Digital Transformation Game Plan",
				"nodeType": "text"
			}
		],
		"nodeType": "paragraph"
	},
	{
		"data": {},
		"content": [
			{
				"data": {},
				"marks": [],
				"value": "",
				"nodeType": "text"
			}
		],
		"nodeType": "paragraph"
	},
	{
		"data": {},
		"content": [
			{
				"data": {},
				"marks": [],
				"value": "\"What does it take to actually transform the organisation\"",
				"nodeType": "text"
			}
		],
		"nodeType": "paragraph"
	},
	{
		"data": {},
		"content": [
			{
				"data": {},
				"marks": [],
				"value": "1) simplify business model",
				"nodeType": "text"
			}
		],
		"nodeType": "paragraph"
	},
	{
		"data": {},
		"content": [
			{
				"data": {},
				"marks": [],
				"value": "2) what will stop you",
				"nodeType": "text"
			}
		],
		"nodeType": "paragraph"
	},
	{
		"data": {},
		"content": [
			{
				"data": {},
				"marks": [],
				"value": "3) minimum set of technology understanding needed as an executive",
				"nodeType": "text"
			}
		],
		"nodeType": "paragraph"
	},
	{
		"data": {},
		"content": [
			{
				"data": {},
				"marks": [],
				"value": "*) leadership traits",
				"nodeType": "text"
			}
		],
		"nodeType": "paragraph"
	},
	{
		"data": {},
		"content": [
			{
				"data": {},
				"marks": [],
				"value": "",
				"nodeType": "text"
			}
		],
		"nodeType": "paragraph"
	},
	{
		"data": {},
		"content": [
			{
				"data": {},
				"marks": [],
				"value": "",
				"nodeType": "text"
			}
		],
		"nodeType": "paragraph"
	},
	{
		"data": {},
		"content": [
			{
				"data": {},
				"marks": [],
				"value": "",
				"nodeType": "text"
			}
		],
		"nodeType": "paragraph"
	},
	{
		"data": {},
		"content": [
			{
				"data": {},
				"marks": [],
				"value": "",
				"nodeType": "text"
			}
		],
		"nodeType": "paragraph"
	}
]
