[
	{
		"data": {},
		"content": [
			{
				"data": {},
				"marks": [],
				"value": "What",
				"nodeType": "text"
			}
		],
		"nodeType": "paragraph"
	},
	{
		"data": {},
		"content": [
			{
				"data": {},
				"marks": [],
				"value": "[x] For The Win",
				"nodeType": "text"
			}
		],
		"nodeType": "paragraph"
	},
	{
		"data": {},
		"content": [
			{
				"data": {},
				"marks": [],
				"value": "[ ] Gamification: A simple introduction",
				"nodeType": "text"
			}
		],
		"nodeType": "paragraph"
	},
	{
		"data": {},
		"content": [
			{
				"data": {},
				"marks": [],
				"value": "[ ] The gamification Revolution",
				"nodeType": "text"
			}
		],
		"nodeType": "paragraph"
	},
	{
		"data": {},
		"content": [
			{
				"data": {},
				"marks": [],
				"value": "[ ] Game-based marketing",
				"nodeType": "text"
			}
		],
		"nodeType": "paragraph"
	},
	{
		"data": {},
		"content": [
			{
				"data": {},
				"marks": [],
				"value": "[ ] Business Gamification for dummies",
				"nodeType": "text"
			}
		],
		"nodeType": "paragraph"
	},
	{
		"data": {},
		"content": [
			{
				"data": {},
				"marks": [],
				"value": "[ ] Loyalty 3.0",
				"nodeType": "text"
			}
		],
		"nodeType": "paragraph"
	},
	{
		"data": {},
		"content": [
			{
				"data": {},
				"marks": [],
				"value": "[ ] Gamification and game mechanics made simple",
				"nodeType": "text"
			}
		],
		"nodeType": "paragraph"
	},
	{
		"data": {},
		"content": [
			{
				"data": {},
				"marks": [],
				"value": "[x] Reality is broken",
				"nodeType": "text"
			}
		],
		"nodeType": "paragraph"
	},
	{
		"data": {},
		"content": [
			{
				"data": {},
				"marks": [],
				"value": "",
				"nodeType": "text"
			}
		],
		"nodeType": "paragraph"
	},
	{
		"data": {},
		"content": [
			{
				"data": {},
				"marks": [],
				"value": "Why",
				"nodeType": "text"
			}
		],
		"nodeType": "paragraph"
	},
	{
		"data": {},
		"content": [
			{
				"data": {},
				"marks": [],
				"value": "[x] Drive",
				"nodeType": "text"
			}
		],
		"nodeType": "paragraph"
	},
	{
		"data": {},
		"content": [
			{
				"data": {},
				"marks": [],
				"value": "[x] Flourish",
				"nodeType": "text"
			}
		],
		"nodeType": "paragraph"
	},
	{
		"data": {},
		"content": [
			{
				"data": {},
				"marks": [],
				"value": "[x] Why we do what we do",
				"nodeType": "text"
			}
		],
		"nodeType": "paragraph"
	},
	{
		"data": {},
		"content": [
			{
				"data": {},
				"marks": [],
				"value": "[x] Delivering Happiness",
				"nodeType": "text"
			}
		],
		"nodeType": "paragraph"
	},
	{
		"data": {},
		"content": [
			{
				"data": {},
				"marks": [],
				"value": "[ ] Flow",
				"nodeType": "text"
			}
		],
		"nodeType": "paragraph"
	},
	{
		"data": {},
		"content": [
			{
				"data": {},
				"marks": [],
				"value": "[ ] Authentic Happiness",
				"nodeType": "text"
			}
		],
		"nodeType": "paragraph"
	},
	{
		"data": {},
		"content": [
			{
				"data": {},
				"marks": [],
				"value": "[ ] To sell is human",
				"nodeType": "text"
			}
		],
		"nodeType": "paragraph"
	},
	{
		"data": {},
		"content": [
			{
				"data": {},
				"marks": [],
				"value": "[ ] Intrinsic motivation and Self-Determination",
				"nodeType": "text"
			}
		],
		"nodeType": "paragraph"
	},
	{
		"data": {},
		"content": [
			{
				"data": {},
				"marks": [],
				"value": "",
				"nodeType": "text"
			}
		],
		"nodeType": "paragraph"
	},
	{
		"data": {},
		"content": [
			{
				"data": {},
				"marks": [],
				"value": "How",
				"nodeType": "text"
			}
		],
		"nodeType": "paragraph"
	},
	{
		"data": {},
		"content": [
			{
				"data": {},
				"marks": [],
				"value": "[x] A Theory of Fun for Game Design",
				"nodeType": "text"
			}
		],
		"nodeType": "paragraph"
	},
	{
		"data": {},
		"content": [
			{
				"data": {},
				"marks": [],
				"value": "[x] The art of Game Design",
				"nodeType": "text"
			}
		],
		"nodeType": "paragraph"
	},
	{
		"data": {},
		"content": [
			{
				"data": {},
				"marks": [],
				"value": "[x] Level up!",
				"nodeType": "text"
			}
		],
		"nodeType": "paragraph"
	},
	{
		"data": {},
		"content": [
			{
				"data": {},
				"marks": [],
				"value": "[x] Rules of play",
				"nodeType": "text"
			}
		],
		"nodeType": "paragraph"
	},
	{
		"data": {},
		"content": [
			{
				"data": {},
				"marks": [],
				"value": "[ ] Game Feel",
				"nodeType": "text"
			}
		],
		"nodeType": "paragraph"
	},
	{
		"data": {},
		"content": [
			{
				"data": {},
				"marks": [],
				"value": "[ ] Challenges for Game Designers",
				"nodeType": "text"
			}
		],
		"nodeType": "paragraph"
	},
	{
		"data": {},
		"content": [
			{
				"data": {},
				"marks": [],
				"value": "",
				"nodeType": "text"
			}
		],
		"nodeType": "paragraph"
	},
	{
		"data": {},
		"content": [
			{
				"data": {},
				"marks": [],
				"value": "External Business",
				"nodeType": "text"
			}
		],
		"nodeType": "paragraph"
	},
	{
		"data": {},
		"content": [
			{
				"data": {},
				"marks": [],
				"value": "[ ] Game on",
				"nodeType": "text"
			}
		],
		"nodeType": "paragraph"
	},
	{
		"data": {},
		"content": [
			{
				"data": {},
				"marks": [],
				"value": "[ ] Gamification by design",
				"nodeType": "text"
			}
		],
		"nodeType": "paragraph"
	},
	{
		"data": {},
		"content": [
			{
				"data": {},
				"marks": [],
				"value": "[ ] Changing the game",
				"nodeType": "text"
			}
		],
		"nodeType": "paragraph"
	},
	{
		"data": {},
		"content": [
			{
				"data": {},
				"marks": [],
				"value": "[ ] Game Mechanics",
				"nodeType": "text"
			}
		],
		"nodeType": "paragraph"
	},
	{
		"data": {},
		"content": [
			{
				"data": {},
				"marks": [],
				"value": "",
				"nodeType": "text"
			}
		],
		"nodeType": "paragraph"
	},
	{
		"data": {},
		"content": [
			{
				"data": {},
				"marks": [],
				"value": "Education",
				"nodeType": "text"
			}
		],
		"nodeType": "paragraph"
	},
	{
		"data": {},
		"content": [
			{
				"data": {},
				"marks": [],
				"value": "[ ] Gamification of learning and instruction",
				"nodeType": "text"
			}
		],
		"nodeType": "paragraph"
	},
	{
		"data": {},
		"content": [
			{
				"data": {},
				"marks": [],
				"value": "[ ] Multiplayer Classroom",
				"nodeType": "text"
			}
		],
		"nodeType": "paragraph"
	},
	{
		"data": {},
		"content": [
			{
				"data": {},
				"marks": [],
				"value": "[ ] Gamestorming",
				"nodeType": "text"
			}
		],
		"nodeType": "paragraph"
	},
	{
		"data": {},
		"content": [
			{
				"data": {},
				"marks": [],
				"value": "[ ] Video Games and Learning",
				"nodeType": "text"
			}
		],
		"nodeType": "paragraph"
	},
	{
		"data": {},
		"content": [
			{
				"data": {},
				"marks": [],
				"value": "[ ] Good Video Games and Good Learning",
				"nodeType": "text"
			}
		],
		"nodeType": "paragraph"
	},
	{
		"data": {},
		"content": [
			{
				"data": {},
				"marks": [],
				"value": "[ ] Digital Game-based Learning",
				"nodeType": "text"
			}
		],
		"nodeType": "paragraph"
	},
	{
		"data": {},
		"content": [
			{
				"data": {},
				"marks": [],
				"value": "[ ] How Computer Games Help Children Learn",
				"nodeType": "text"
			}
		],
		"nodeType": "paragraph"
	},
	{
		"data": {},
		"content": [
			{
				"data": {},
				"marks": [],
				"value": "[ ] Engaging Learning",
				"nodeType": "text"
			}
		],
		"nodeType": "paragraph"
	},
	{
		"data": {},
		"content": [
			{
				"data": {},
				"marks": [],
				"value": "",
				"nodeType": "text"
			}
		],
		"nodeType": "paragraph"
	},
	{
		"data": {},
		"content": [
			{
				"data": {},
				"marks": [],
				"value": "Enterprise",
				"nodeType": "text"
			}
		],
		"nodeType": "paragraph"
	},
	{
		"data": {},
		"content": [
			{
				"data": {},
				"marks": [],
				"value": "[ ] Gamification at Work",
				"nodeType": "text"
			}
		],
		"nodeType": "paragraph"
	},
	{
		"data": {},
		"content": [
			{
				"data": {},
				"marks": [],
				"value": "[ ] Total Engagement",
				"nodeType": "text"
			}
		],
		"nodeType": "paragraph"
	},
	{
		"data": {},
		"content": [
			{
				"data": {},
				"marks": [],
				"value": "[ ] Enterprise Games",
				"nodeType": "text"
			}
		],
		"nodeType": "paragraph"
	},
	{
		"data": {},
		"content": [
			{
				"data": {},
				"marks": [],
				"value": "[ ] Managing to have fun",
				"nodeType": "text"
			}
		],
		"nodeType": "paragraph"
	},
	{
		"data": {},
		"content": [
			{
				"data": {},
				"marks": [],
				"value": "[ ] Resonate",
				"nodeType": "text"
			}
		],
		"nodeType": "paragraph"
	},
	{
		"data": {},
		"content": [
			{
				"data": {},
				"marks": [],
				"value": "",
				"nodeType": "text"
			}
		],
		"nodeType": "paragraph"
	},
	{
		"data": {
			"target": {
				"sys": {
					"type": "Link",
					"linkType": "Asset",
					"id": "931c5646-2f71-4646-b32d-78f6b5c61fc8"
				}
			}
		},
		"content": [],
		"nodeType": "embedded-asset-block"
	},
	{
		"data": {},
		"content": [
			{
				"data": {},
				"marks": [],
				"value": "(src: ",
				"nodeType": "text"
			},
			{
				"data": {
					"uri": "https://www.epicwinblog.net/2013/05/best-gamification-books-where-to-start.html"
				},
				"content": [
					{
						"data": {},
						"marks": [],
						"value": "epicwinblog\n\t\tarticle",
						"nodeType": "text"
					}
				],
				"nodeType": "hyperlink"
			},
			{
				"data": {},
				"marks": [],
				"value": ")",
				"nodeType": "text"
			}
		],
		"nodeType": "paragraph"
	}
]
